// Jest Snapshot v1, https://goo.gl/fbAQLP

exports[`Home component renders without crashing 1`] = `
<View
  style={
    Object {
      "alignItems": "center",
      "flex": 1,
      "justifyContent": "center",
    }
  }
>
  <View
    style={
      Object {
        "flexDirection": "row",
        "position": "absolute",
        "top": "30%",
      }
    }
  >
    <View>
      <View
        style={
          Object {
            "position": "absolute",
          }
        }
      >
        <Text
          style={
            Object {
              "color": "#1E90FF",
              "elevation": 3,
              "fontSize": 80,
              "fontWeight": "bold",
              "letterSpacing": 0.25,
              "textShadowColor": "white",
              "textShadowOffset": Object {
                "height": 0,
                "width": -2.4,
              },
              "textShadowRadius": 1,
            }
          }
        >
          Suduko
        </Text>
      </View>
      <View
        style={
          Object {
            "position": "absolute",
          }
        }
      >
        <Text
          style={
            Object {
              "color": "#1E90FF",
              "elevation": 3,
              "fontSize": 80,
              "fontWeight": "bold",
              "letterSpacing": 0.25,
              "textShadowColor": "white",
              "textShadowOffset": Object {
                "height": 0,
                "width": 2,
              },
              "textShadowRadius": 1,
            }
          }
        >
          Suduko
        </Text>
      </View>
      <View
        style={
          Object {
            "position": "absolute",
          }
        }
      >
        <Text
          style={
            Object {
              "color": "#1E90FF",
              "elevation": 3,
              "fontSize": 80,
              "fontWeight": "bold",
              "letterSpacing": 0.25,
              "textShadowColor": "white",
              "textShadowOffset": Object {
                "height": 2,
                "width": 0,
              },
              "textShadowRadius": 1,
            }
          }
        >
          Suduko
        </Text>
      </View>
      <View
        style={
          Object {
            "position": "absolute",
          }
        }
      >
        <Text
          style={
            Object {
              "color": "#1E90FF",
              "elevation": 3,
              "fontSize": 80,
              "fontWeight": "bold",
              "letterSpacing": 0.25,
              "textShadowColor": "white",
              "textShadowOffset": Object {
                "height": -2.4,
                "width": 0,
              },
              "textShadowRadius": 1,
            }
          }
        >
          Suduko
        </Text>
      </View>
      <View
        style={
          Object {
            "position": "absolute",
          }
        }
      >
        <Text
          style={
            Object {
              "color": "#1E90FF",
              "elevation": 3,
              "fontSize": 80,
              "fontWeight": "bold",
              "letterSpacing": 0.25,
              "textShadowColor": "white",
              "textShadowOffset": Object {
                "height": -2,
                "width": -2,
              },
              "textShadowRadius": 1,
            }
          }
        >
          Suduko
        </Text>
      </View>
      <View
        style={
          Object {
            "position": "absolute",
          }
        }
      >
        <Text
          style={
            Object {
              "color": "#1E90FF",
              "elevation": 3,
              "fontSize": 80,
              "fontWeight": "bold",
              "letterSpacing": 0.25,
              "textShadowColor": "white",
              "textShadowOffset": Object {
                "height": -2,
                "width": 2,
              },
              "textShadowRadius": 1,
            }
          }
        >
          Suduko
        </Text>
      </View>
      <View
        style={
          Object {
            "position": "absolute",
          }
        }
      >
        <Text
          style={
            Object {
              "color": "#1E90FF",
              "elevation": 3,
              "fontSize": 80,
              "fontWeight": "bold",
              "letterSpacing": 0.25,
              "textShadowColor": "white",
              "textShadowOffset": Object {
                "height": 2,
                "width": -2,
              },
              "textShadowRadius": 1,
            }
          }
        >
          Suduko
        </Text>
      </View>
      <Text
        style={
          Object {
            "color": "#1E90FF",
            "elevation": 3,
            "fontSize": 80,
            "fontWeight": "bold",
            "letterSpacing": 0.25,
            "textShadowColor": "white",
            "textShadowOffset": Object {
              "height": 2,
              "width": 2,
            },
            "textShadowRadius": 1,
          }
        }
      >
        Suduko
      </Text>
    </View>
  </View>
  <View
    accessible={true}
    focusable={true}
    onBlur={[Function]}
    onClick={[Function]}
    onFocus={[Function]}
    onResponderGrant={[Function]}
    onResponderMove={[Function]}
    onResponderRelease={[Function]}
    onResponderTerminate={[Function]}
    onResponderTerminationRequest={[Function]}
    onStartShouldSetResponder={[Function]}
    style={
      Object {
        "alignItems": "center",
        "backgroundColor": "#1E90FF",
        "borderRadius": 4,
        "elevation": 3,
        "justifyContent": "center",
        "marginTop": 30,
        "paddingVertical": 12,
        "shadowColor": "rgba(0,0,0,0.35)",
        "shadowOffset": Object {
          "height": -2,
          "width": -2,
        },
        "shadowOpacity": 0.75,
        "shadowRadius": 2,
        "width": 150,
      }
    }
    testID="newGameButton"
  >
    <Text
      style={
        Object {
          "color": "white",
          "fontSize": 16,
          "fontWeight": "bold",
          "letterSpacing": 0.25,
          "lineHeight": 21,
        }
      }
    >
      Play New Game
    </Text>
  </View>
  <View
    accessible={true}
    focusable={true}
    onBlur={[Function]}
    onClick={[Function]}
    onFocus={[Function]}
    onResponderGrant={[Function]}
    onResponderMove={[Function]}
    onResponderRelease={[Function]}
    onResponderTerminate={[Function]}
    onResponderTerminationRequest={[Function]}
    onStartShouldSetResponder={[Function]}
    style={
      Object {
        "alignItems": "center",
        "backgroundColor": "#1E90FF",
        "borderRadius": 4,
        "elevation": 3,
        "justifyContent": "center",
        "marginTop": 30,
        "paddingVertical": 12,
        "shadowColor": "rgba(0,0,0,0.35)",
        "shadowOffset": Object {
          "height": -2,
          "width": -2,
        },
        "shadowOpacity": 0.75,
        "shadowRadius": 2,
        "width": 150,
      }
    }
  >
    <Text
      style={
        Object {
          "color": "white",
          "fontSize": 16,
          "fontWeight": "bold",
          "letterSpacing": 0.25,
          "lineHeight": 21,
        }
      }
    >
      Load Game
    </Text>
  </View>
  <View>
    <Modal
      animationType="none"
      deviceHeight={null}
      deviceWidth={null}
      hardwareAccelerated={false}
      hideModalContentWhileAnimating={false}
      onBackdropPress={[Function]}
      onModalHide={[Function]}
      onModalWillHide={[Function]}
      onModalWillShow={[Function]}
      onRequestClose={[Function]}
      panResponderThreshold={4}
      scrollHorizontal={false}
      scrollOffset={0}
      scrollOffsetMax={0}
      scrollTo={null}
      statusBarTranslucent={false}
      supportedOrientations={
        Array [
          "portrait",
          "landscape",
        ]
      }
      swipeThreshold={100}
      transparent={true}
      visible={false}
    >
      <View
        accessible={true}
        focusable={true}
        forwardedRef={[Function]}
        onClick={[Function]}
        onResponderGrant={[Function]}
        onResponderMove={[Function]}
        onResponderRelease={[Function]}
        onResponderTerminate={[Function]}
        onResponderTerminationRequest={[Function]}
        onStartShouldSetResponder={[Function]}
        style={
          Object {
            "backgroundColor": "black",
            "bottom": 0,
            "height": 1334,
            "left": 0,
            "opacity": 0,
            "position": "absolute",
            "right": 0,
            "top": 0,
            "width": 750,
          }
        }
      />
      <View
        deviceHeight={null}
        deviceWidth={null}
        forwardedRef={[Function]}
        hideModalContentWhileAnimating={false}
        onBackdropPress={[Function]}
        onModalHide={[Function]}
        onModalWillHide={[Function]}
        onModalWillShow={[Function]}
        panResponderThreshold={4}
        pointerEvents="box-none"
        scrollHorizontal={false}
        scrollOffset={0}
        scrollOffsetMax={0}
        scrollTo={null}
        statusBarTranslucent={false}
        style={
          Object {
            "flex": 1,
            "justifyContent": "center",
            "margin": 37.5,
            "transform": Array [
              Object {
                "translateY": 0,
              },
            ],
          }
        }
        supportedOrientations={
          Array [
            "portrait",
            "landscape",
          ]
        }
        swipeThreshold={100}
      >
        <View
          accessible={true}
          focusable={true}
          onBlur={[Function]}
          onClick={[Function]}
          onFocus={[Function]}
          onResponderGrant={[Function]}
          onResponderMove={[Function]}
          onResponderRelease={[Function]}
          onResponderTerminate={[Function]}
          onResponderTerminationRequest={[Function]}
          onStartShouldSetResponder={[Function]}
          style={
            Object {
              "alignItems": "center",
              "flex": 1,
            }
          }
        >
          <View
            style={
              Object {
                "alignItems": "center",
                "backgroundColor": "#1E90FF",
                "borderRadius": 4,
                "elevation": 3,
                "justifyContent": "center",
                "paddingVertical": 26,
                "shadowColor": "rgba(0,0,0,0.35)",
                "shadowOffset": Object {
                  "height": -2,
                  "width": -2,
                },
                "shadowOpacity": 0.75,
                "shadowRadius": 2,
                "top": "30%",
                "width": 300,
              }
            }
          >
            <Text
              style={
                Object {
                  "color": "white",
                  "fontSize": 20,
                  "fontWeight": "bold",
                  "letterSpacing": 0.25,
                  "lineHeight": 21,
                }
              }
            >
              No current games to load.
            </Text>
          </View>
        </View>
      </View>
    </Modal>
  </View>
  <View>
    <Modal
      animationType="none"
      deviceHeight={null}
      deviceWidth={null}
      hardwareAccelerated={false}
      hideModalContentWhileAnimating={false}
      onBackdropPress={[Function]}
      onModalHide={[Function]}
      onModalWillHide={[Function]}
      onModalWillShow={[Function]}
      onRequestClose={[Function]}
      panResponderThreshold={4}
      scrollHorizontal={false}
      scrollOffset={0}
      scrollOffsetMax={0}
      scrollTo={null}
      statusBarTranslucent={false}
      supportedOrientations={
        Array [
          "portrait",
          "landscape",
        ]
      }
      swipeThreshold={100}
      transparent={true}
      visible={false}
    >
      <View
        accessible={true}
        focusable={true}
        forwardedRef={[Function]}
        onClick={[Function]}
        onResponderGrant={[Function]}
        onResponderMove={[Function]}
        onResponderRelease={[Function]}
        onResponderTerminate={[Function]}
        onResponderTerminationRequest={[Function]}
        onStartShouldSetResponder={[Function]}
        style={
          Object {
            "backgroundColor": "black",
            "bottom": 0,
            "height": 1334,
            "left": 0,
            "opacity": 0,
            "position": "absolute",
            "right": 0,
            "top": 0,
            "width": 750,
          }
        }
      />
      <View
        deviceHeight={null}
        deviceWidth={null}
        forwardedRef={[Function]}
        hideModalContentWhileAnimating={false}
        onBackdropPress={[Function]}
        onModalHide={[Function]}
        onModalWillHide={[Function]}
        onModalWillShow={[Function]}
        panResponderThreshold={4}
        pointerEvents="box-none"
        scrollHorizontal={false}
        scrollOffset={0}
        scrollOffsetMax={0}
        scrollTo={null}
        statusBarTranslucent={false}
        style={
          Object {
            "flex": 1,
            "justifyContent": "center",
            "margin": 37.5,
            "transform": Array [
              Object {
                "translateY": 0,
              },
            ],
          }
        }
        supportedOrientations={
          Array [
            "portrait",
            "landscape",
          ]
        }
        swipeThreshold={100}
      >
        <View
          style={
            Object {
              "alignItems": "center",
              "backgroundColor": "#1E90FF",
              "borderRadius": 4,
              "elevation": 3,
              "justifyContent": "center",
              "marginLeft": "5%",
              "paddingVertical": 18,
              "position": "absolute",
              "shadowColor": "rgba(0,0,0,0.35)",
              "shadowOffset": Object {
                "height": -2,
                "width": -2,
              },
              "shadowOpacity": 0.75,
              "shadowRadius": 2,
              "top": "30%",
              "width": 300,
            }
          }
        >
          <Text
            style={
              Object {
                "color": "white",
                "fontSize": 18,
                "fontWeight": "bold",
                "letterSpacing": 0.25,
                "lineHeight": 21,
              }
            }
          >
            Are you sure you would like to abandon your current game?
          </Text>
        </View>
        <View
          style={
            Object {
              "alignItems": "center",
            }
          }
        >
          <View
            accessible={true}
            focusable={true}
            onBlur={[Function]}
            onClick={[Function]}
            onFocus={[Function]}
            onResponderGrant={[Function]}
            onResponderMove={[Function]}
            onResponderRelease={[Function]}
            onResponderTerminate={[Function]}
            onResponderTerminationRequest={[Function]}
            onStartShouldSetResponder={[Function]}
            style={
              Object {
                "alignItems": "center",
                "backgroundColor": "#1E90FF",
                "borderRadius": 4,
                "elevation": 3,
                "justifyContent": "center",
                "marginTop": 25,
                "paddingVertical": 14,
                "shadowColor": "rgba(0,0,0,0.35)",
                "shadowOffset": Object {
                  "height": -2,
                  "width": -2,
                },
                "shadowOpacity": 0.75,
                "shadowRadius": 2,
                "width": 150,
              }
            }
          >
            <Text
              style={
                Object {
                  "color": "white",
                  "fontSize": 18,
                  "fontWeight": "bold",
                  "letterSpacing": 0.25,
                  "lineHeight": 21,
                }
              }
            >
              Yes
            </Text>
          </View>
          <View
            accessible={true}
            focusable={true}
            onBlur={[Function]}
            onClick={[Function]}
            onFocus={[Function]}
            onResponderGrant={[Function]}
            onResponderMove={[Function]}
            onResponderRelease={[Function]}
            onResponderTerminate={[Function]}
            onResponderTerminationRequest={[Function]}
            onStartShouldSetResponder={[Function]}
            style={
              Object {
                "alignItems": "center",
                "backgroundColor": "#1E90FF",
                "borderRadius": 4,
                "elevation": 3,
                "justifyContent": "center",
                "marginTop": 25,
                "paddingVertical": 14,
                "shadowColor": "rgba(0,0,0,0.35)",
                "shadowOffset": Object {
                  "height": -2,
                  "width": -2,
                },
                "shadowOpacity": 0.75,
                "shadowRadius": 2,
                "width": 150,
              }
            }
          >
            <Text
              style={
                Object {
                  "color": "white",
                  "fontSize": 18,
                  "fontWeight": "bold",
                  "letterSpacing": 0.25,
                  "lineHeight": 21,
                }
              }
            >
              No
            </Text>
          </View>
        </View>
      </View>
    </Modal>
  </View>
</View>
`;

exports[`Title component renders without crashing 1`] = `
<View
  style={
    Object {
      "flexDirection": "row",
      "position": "absolute",
      "top": "30%",
    }
  }
>
  <View>
    <View
      style={
        Object {
          "position": "absolute",
        }
      }
    >
      <Text
        style={
          Object {
            "color": "#1E90FF",
            "elevation": 3,
            "fontSize": 80,
            "fontWeight": "bold",
            "letterSpacing": 0.25,
            "textShadowColor": "white",
            "textShadowOffset": Object {
              "height": 0,
              "width": -2.4,
            },
            "textShadowRadius": 1,
          }
        }
      >
        Suduko
      </Text>
    </View>
    <View
      style={
        Object {
          "position": "absolute",
        }
      }
    >
      <Text
        style={
          Object {
            "color": "#1E90FF",
            "elevation": 3,
            "fontSize": 80,
            "fontWeight": "bold",
            "letterSpacing": 0.25,
            "textShadowColor": "white",
            "textShadowOffset": Object {
              "height": 0,
              "width": 2,
            },
            "textShadowRadius": 1,
          }
        }
      >
        Suduko
      </Text>
    </View>
    <View
      style={
        Object {
          "position": "absolute",
        }
      }
    >
      <Text
        style={
          Object {
            "color": "#1E90FF",
            "elevation": 3,
            "fontSize": 80,
            "fontWeight": "bold",
            "letterSpacing": 0.25,
            "textShadowColor": "white",
            "textShadowOffset": Object {
              "height": 2,
              "width": 0,
            },
            "textShadowRadius": 1,
          }
        }
      >
        Suduko
      </Text>
    </View>
    <View
      style={
        Object {
          "position": "absolute",
        }
      }
    >
      <Text
        style={
          Object {
            "color": "#1E90FF",
            "elevation": 3,
            "fontSize": 80,
            "fontWeight": "bold",
            "letterSpacing": 0.25,
            "textShadowColor": "white",
            "textShadowOffset": Object {
              "height": -2.4,
              "width": 0,
            },
            "textShadowRadius": 1,
          }
        }
      >
        Suduko
      </Text>
    </View>
    <View
      style={
        Object {
          "position": "absolute",
        }
      }
    >
      <Text
        style={
          Object {
            "color": "#1E90FF",
            "elevation": 3,
            "fontSize": 80,
            "fontWeight": "bold",
            "letterSpacing": 0.25,
            "textShadowColor": "white",
            "textShadowOffset": Object {
              "height": -2,
              "width": -2,
            },
            "textShadowRadius": 1,
          }
        }
      >
        Suduko
      </Text>
    </View>
    <View
      style={
        Object {
          "position": "absolute",
        }
      }
    >
      <Text
        style={
          Object {
            "color": "#1E90FF",
            "elevation": 3,
            "fontSize": 80,
            "fontWeight": "bold",
            "letterSpacing": 0.25,
            "textShadowColor": "white",
            "textShadowOffset": Object {
              "height": -2,
              "width": 2,
            },
            "textShadowRadius": 1,
          }
        }
      >
        Suduko
      </Text>
    </View>
    <View
      style={
        Object {
          "position": "absolute",
        }
      }
    >
      <Text
        style={
          Object {
            "color": "#1E90FF",
            "elevation": 3,
            "fontSize": 80,
            "fontWeight": "bold",
            "letterSpacing": 0.25,
            "textShadowColor": "white",
            "textShadowOffset": Object {
              "height": 2,
              "width": -2,
            },
            "textShadowRadius": 1,
          }
        }
      >
        Suduko
      </Text>
    </View>
    <Text
      style={
        Object {
          "color": "#1E90FF",
          "elevation": 3,
          "fontSize": 80,
          "fontWeight": "bold",
          "letterSpacing": 0.25,
          "textShadowColor": "white",
          "textShadowOffset": Object {
            "height": 2,
            "width": 2,
          },
          "textShadowRadius": 1,
        }
      }
    >
      Suduko
    </Text>
  </View>
</View>
`;
